---
source: tui/src/bottom_pane/chat_composer.rs
expression: terminal.backend()
---
"                                        "
"› Test                                  "
"                                        "
"                                        "
"                                        "
"                                        "
"                                        "
"                                        "
"  codexAW (0.93.0) · Plan mode          "
