---
source: tui/src/bottom_pane/chat_composer.rs
assertion_line: 2028
expression: terminal.backend()
---
"                                                                                                    "
"› h                                                                                                 "
"                                                                                                    "
"                                                                                                    "
"                                                                                                    "
"                                                                                                    "
"                                                                                                    "
"                                                                                                    "
"  codexAW (0.75.0) 100% context left                                                                "
