---
source: tui/src/bottom_pane/chat_composer.rs
assertion_line: 2578
expression: terminal.backend()
---
"                                                                                                    "
"› short                                                                                             "
"                                                                                                    "
"                                                                                                    "
"                                                                                                    "
"                                                                                                    "
"                                                                                                    "
"                                                                                                    "
"                                                                                                    "
"  codexAW (0.75.0) 100% context left                                                                "
