---
source: tui/src/chatwidget/tests.rs
assertion_line: 2626
expression: terminal.backend()
---
"                                                                                "
"• Booting MCP server: alpha (0s • esc to interrupt)                             "
"                                                                                "
"                                                                                "
"› Ask Codex to do anything                                                      "
"                                                                                "
"  codexAW (0.75.0) 100% context left · ? for shortcuts                          "
